WARNING: A restricted method in java.lang.System has been called
WARNING: java.lang.System::load has been called by net.rubygrapefruit.platform.internal.NativeLibraryLoader in an unnamed module (file:/home/leek/.gradle/wrapper/dists/gradle-9.5.1-bin/iq79hdu3mqx29lgffhp8bfmx/gradle-9.5.1/lib/native-platform-0.22-milestone-29.jar)
WARNING: Use --enable-native-access=ALL-UNNAMED to avoid a warning for callers in this module
WARNING: Restricted methods will be blocked in a future release unless native access is enabled

Configuration on demand is an incubating feature.
Calculating task graph as no cached configuration is available for tasks: :app:testFullDebugUnitTest --tests com.leekleak.trafficlight.database.DataPlanTest

FAILURE: Build failed with an exception.

* What went wrong:
Could not determine the dependencies of task ':app:testFullDebugUnitTest'.
> Could not create task ':app:compileFullDebugUnitTestJavaWithJavac'.
   > Failed to calculate the value of task ':app:compileFullDebugUnitTestJavaWithJavac' property 'javaCompiler'.
      > Toolchain installation '/usr/lib/jvm/java-25-openjdk' does not provide the required capabilities: [JAVA_COMPILER]

* Try:
> Run with --stacktrace option to get the stack trace.
> Run with --info or --debug option to get more log output.
> Run with --scan to get full insights from a Build Scan (powered by Develocity).
> Get more help at https://help.gradle.org.

BUILD FAILED in 628ms
Configuration cache entry stored.
